2026-10-10T15:30:22.834Z INFO [VANTA.Startup] VANTA Launcher 1.5.0 starting (Java 21.0.12.1, Windows Server 2025 10.0 amd64, JavaFX platform win)
2026-10-10T15:30:22.883Z INFO [VANTA.Startup]   code source = file:/D:/a/_temp/portable/VANTA%20Launcher/app/vanta-launcher-1.5.0-all.jar
2026-10-10T15:30:22.885Z INFO [VANTA.Startup]   file.encoding = UTF-8
2026-10-10T15:30:22.885Z INFO [VANTA.Startup]   java.home = D:\a\_temp\portable\VANTA Launcher\runtime
2026-10-10T15:30:22.885Z INFO [VANTA.Startup]   java.runtime.version = 21.0.12.1+1-LTS
2026-10-10T15:30:22.887Z INFO [VANTA.Startup]   java.vendor = Eclipse Adoptium
2026-10-10T15:30:22.891Z INFO [VANTA.Startup]   java.version = 21.0.12.1
2026-10-10T15:30:22.893Z INFO [VANTA.Startup]   javafx.platform (build) = win
2026-10-10T15:30:22.893Z INFO [VANTA.Startup]   jpackage.app-path = D:\a\_temp\portable\VANTA Launcher\VANTA Launcher.exe
2026-10-10T15:30:22.893Z INFO [VANTA.Startup]   launcher.version = 1.5.0
2026-10-10T15:30:22.893Z INFO [VANTA.Startup]   module = unnamed module @1e965684
2026-10-10T15:30:22.895Z INFO [VANTA.Startup]   os.arch = amd64
2026-10-10T15:30:22.895Z INFO [VANTA.Startup]   os.name = Windows Server 2025
2026-10-10T15:30:22.895Z INFO [VANTA.Startup]   os.version = 10.0
2026-10-10T15:30:22.897Z INFO [VANTA.Startup]   sun.jnu.encoding = Cp1252
2026-10-10T15:30:22.897Z INFO [VANTA.Startup]   user.dir = D:\a\VANTA-Client\VANTA-Client
2026-10-10T15:30:22.897Z INFO [VANTA.Startup]   vanta.launcher.packaged = true
2026-10-10T15:30:23.522Z FINE [VANTA.UI] Loaded fonts: [Inter Regular, Inter Medium, Inter SemiBold, Inter Bold, Space Grotesk Bold]
2026-10-10T15:30:24.312Z INFO [VANTA.UI] Main window shown (1,136 x 759)
2026-10-10T15:30:24.322Z INFO [VANTA.UI.Smoke] UI smoke: window shown; screenshot D:\a\_temp\launcher-windows-gui\portable\window.png, exit after 20 s, page unchanged, size unchanged
2026-10-10T15:30:26.857Z INFO [VANTA.UI.Smoke] UI smoke: wrote D:\a\_temp\launcher-windows-gui\portable\window.png (1,136 x 759)
2026-10-10T15:30:44.332Z INFO [VANTA.UI.Smoke] UI smoke: exiting with code 0
